// Jest Snapshot v1, https://goo.gl/fbAQLP

exports[`Header Component matches the snapshot 1`] = `
<RCTSafeAreaView
  style={
    {
      "alignItems": "center",
      "backgroundColor": "#fff",
      "flexDirection": "row",
      "justifyContent": "space-between",
      "paddingHorizontal": 15,
      "width": "100%",
    }
  }
  testID="header-container"
>
  <Image
    resizeMode="contain"
    source={
      {
        "testUri": "../../../app/assets/images/yt-logo.png",
      }
    }
    style={
      {
        "height": 60,
        "width": 120,
      }
    }
    testID="yt-logo"
  />
  <View
    style={
      {
        "alignItems": "center",
        "flexDirection": "row",
      }
    }
  >
    <View
      accessibilityState={
        {
          "busy": undefined,
          "checked": undefined,
          "disabled": undefined,
          "expanded": undefined,
          "selected": undefined,
        }
      }
      accessibilityValue={
        {
          "max": undefined,
          "min": undefined,
          "now": undefined,
          "text": undefined,
        }
      }
      accessible={true}
      collapsable={false}
      focusable={false}
      onClick={[Function]}
      onResponderGrant={[Function]}
      onResponderMove={[Function]}
      onResponderRelease={[Function]}
      onResponderTerminate={[Function]}
      onResponderTerminationRequest={[Function]}
      onStartShouldSetResponder={[Function]}
      style={
        {
          "marginHorizontal": 10,
          "opacity": 1,
        }
      }
      testID="cast-btn"
    >
      <Feather
        color="#555"
        name="cast"
        size={22}
      />
    </View>
    <View
      accessibilityState={
        {
          "busy": undefined,
          "checked": undefined,
          "disabled": undefined,
          "expanded": undefined,
          "selected": undefined,
        }
      }
      accessibilityValue={
        {
          "max": undefined,
          "min": undefined,
          "now": undefined,
          "text": undefined,
        }
      }
      accessible={true}
      collapsable={false}
      focusable={false}
      onClick={[Function]}
      onResponderGrant={[Function]}
      onResponderMove={[Function]}
      onResponderRelease={[Function]}
      onResponderTerminate={[Function]}
      onResponderTerminationRequest={[Function]}
      onStartShouldSetResponder={[Function]}
      style={
        {
          "marginHorizontal": 10,
          "opacity": 1,
        }
      }
      testID="bell-btn"
    >
      <Feather
        color="#555"
        name="bell"
        size={22}
      />
    </View>
    <View
      accessibilityState={
        {
          "busy": undefined,
          "checked": undefined,
          "disabled": undefined,
          "expanded": undefined,
          "selected": undefined,
        }
      }
      accessibilityValue={
        {
          "max": undefined,
          "min": undefined,
          "now": undefined,
          "text": undefined,
        }
      }
      accessible={true}
      collapsable={false}
      focusable={false}
      onClick={[Function]}
      onResponderGrant={[Function]}
      onResponderMove={[Function]}
      onResponderRelease={[Function]}
      onResponderTerminate={[Function]}
      onResponderTerminationRequest={[Function]}
      onStartShouldSetResponder={[Function]}
      style={
        {
          "marginHorizontal": 10,
          "opacity": 1,
        }
      }
      testID="search-btn"
    >
      <Feather
        color="#555"
        name="search"
        size={22}
      />
    </View>
  </View>
</RCTSafeAreaView>
`;
