// Jest Snapshot v1, https://goo.gl/fbAQLP

exports[`Shorts Component matches snapshot 1`] = `
<RCTSafeAreaView
  style={
    {
      "backgroundColor": "#fff",
      "flex": 1,
      "justifyContent": "space-between",
    }
  }
  testID="shorts-screen"
/>
`;
